<html>
<body>
<pre>
<h1>礦ision Build Log</h1>
<h2>Tool Versions:</h2>
IDE-Version: μVision V5.14.0.0
Copyright (C) 2015 ARM Ltd and ARM Germany GmbH. All rights reserved.
License Information: JJJ Jack, HP Inc., LIC=4ZL2Z-J06XH-INFA7-E4Y23-XWRZC-YJ2JL
 
Tool Versions:
Toolchain:       MDK-ARM Professional  Version: 5.14.0.0
Toolchain Path:  D:\Program Files\Keil_v5\ARM\ARMCC\Bin
C Compiler:      Armcc.exe V5.05 update 1 (build 106)
Assembler:       Armasm.exe V5.05 update 1 (build 106)
Linker/Locator:  ArmLink.exe V5.05 update 1 (build 106)
Library Manager: ArmAr.exe V5.05 update 1 (build 106)
Hex Converter:   FromElf.exe V5.05 update 1 (build 106)
CPU DLL:         SARMCM3.DLL V5.14.0.0
Dialog DLL:      DCM.DLL V1.13.1.0
Target DLL:      Segger\JL2CM3.dll V2.99.13.0
Dialog DLL:      TCM.DLL V1.14.4.0
 
<h2>Project:</h2>
D:\Jack\Other_test-master\机械弹道实验\MDK-ARM\RM_Template_Gimbal.uvprojx
Project File Date:  11/10/2019

<h2>Output:</h2>
Build target 'RM_Template_Gimbal'
compiling data_processing.c...
App_task_Module\data_processing.c(143): warning:  #550-D: variable "frist_angle" was set but never used
    static int16_t  frist_angle;//pit的角度偏差
App_task_Module\data_processing.c: 1 warning, 0 errors
linking...
Program Size: Code=24400 RO-data=708 RW-data=260 ZI-data=21764  
FromELF: creating hex file...
"RM_Template_Gimbal\RM_Template_Gimbal.axf" - 0 Error(s), 1 Warning(s).

<h2>Software Packages used:</h2>

Package Vendor: ARM
                http://www.keil.com/pack/ARM.CMSIS.4.2.0.pack
                ARM::CMSIS:CORE:3.40.0
                CMSIS (Cortex Microcontroller Software Interface Standard)
   * Component: CORE Version: 3.40.0

<h2>Collection of Component include folders:</h2>
  D:\Jack\Other_test-master\机械弹道实验\MDK-ARM\RTE
  D:\Program Files\Keil_v5\ARM\ARM\CMSIS\4.2.0\CMSIS\Include
  D:\Program Files\Keil_v5\ARM\Keil\STM32F4xx_DFP\2.9.0

<h2>Collection of Component Files used:</h2>

   * Component: ARM::CMSIS:CORE:3.40.0
      Source file:   CMSIS\UserCodeTemplates\ARM\ITM_Retarget.c
</pre>
</body>
</html>
